

Microchip MPLAB XC8 Assembler V2.41 build 20230208172133 
                                                                                                           Thu Jun 01 20:18:36 2023


     1                           	processor	18F4580
     2                           	pagewidth 132
     3                           	psect	const,global,reloc=2,class=CONST,delta=1,noexec
     4                           	psect	smallconst,global,reloc=2,class=SMALLCONST,delta=1,noexec
     5                           	psect	mediumconst,global,reloc=2,class=MEDIUMCONST,delta=1,noexec
     6                           	psect	rbss,global,class=COMRAM,space=1,delta=1,noexec
     7                           	psect	bss,global,class=RAM,space=1,delta=1,noexec
     8                           	psect	rdata,global,class=COMRAM,space=1,delta=1,noexec
     9                           	psect	irdata,global,reloc=2,class=CODE,delta=1,noexec
    10                           	psect	data,global,class=RAM,space=1,delta=1,noexec
    11                           	psect	idata,global,reloc=2,class=CODE,delta=1,noexec
    12                           	psect	nvrram,global,class=COMRAM,space=1,delta=1,noexec
    13                           	psect	nvbit,global,bit,class=COMRAM,space=1,delta=1,noexec
    14                           	psect	temp,global,ovrld,class=COMRAM,space=1,delta=1,noexec
    15                           	psect	struct,global,ovrld,class=COMRAM,space=1,delta=1,noexec
    16                           	psect	rbit,global,bit,class=COMRAM,space=1,delta=1,noexec
    17                           	psect	bigbss,global,class=BIGRAM,space=1,delta=1,noexec
    18                           	psect	bigdata,global,class=BIGRAM,space=1,delta=1,noexec
    19                           	psect	ibigdata,global,reloc=2,class=CODE,delta=1,noexec
    20                           	psect	farbss,global,reloc=2,class=FARRAM,delta=1,noexec
    21                           	psect	nvFARRAM,global,reloc=2,class=FARRAM,delta=1,noexec
    22                           	psect	fardata,global,reloc=2,class=FARRAM,delta=1,noexec
    23                           	psect	ifardata,global,reloc=2,class=CODE,delta=1,noexec
    24                           	psect	reset_vec,global,reloc=2,class=CODE,delta=1
    25                           	psect	powerup,global,reloc=2,class=CODE,delta=1
    26                           	psect	init,global,reloc=2,class=CODE,delta=1
    27                           	psect	text,global,reloc=2,class=CODE,delta=1
    28                           	psect	clrtext,global,reloc=2,class=CODE,delta=1
    29                           	psect	config,global,class=CONFIG,space=4,delta=1,noexec
    30                           	psect	idloc,global,class=IDLOC,space=5,delta=1,noexec
    31                           	psect	intcode,global,reloc=2,class=CODE,delta=1
    32                           	psect	intcode_body,global,reloc=2,class=CODE,delta=1
    33                           	psect	intcodelo,global,reloc=2,class=CODE,delta=1
    34                           	psect	intret,global,reloc=2,class=CODE,delta=1
    35                           	psect	intentry,global,reloc=2,class=CODE,delta=1
    36                           	psect	intsave_regs,global,class=BIGRAM,space=1,delta=1
    37                           	psect	eeprom_data,global,class=EEDATA,delta=1,noexec
    38                           	psect	ramtop,global,class=RAM,delta=1,noexec
    39                           	psect	stack,global,class=STACK,space=2,delta=1,noexec
    40                           	psect	heap,global,class=HEAP,space=7,delta=1,noexec
    41                           	psect	comram,global,class=COMRAM,space=1,delta=1
    42                           	psect	abs1,global,class=ABS1,space=1,delta=1
    43                           	psect	bigram,global,class=BIGRAM,space=1,delta=1
    44                           	psect	ram,global,class=RAM,space=1,delta=1
    45                           	psect	bank0,global,class=BANK0,space=1,delta=1
    46                           	psect	bank1,global,class=BANK1,space=1,delta=1
    47                           	psect	bank2,global,class=BANK2,space=1,delta=1
    48                           	psect	bank3,global,class=BANK3,space=1,delta=1
    49                           	psect	bank4,global,class=BANK4,space=1,delta=1
    50                           	psect	bank5,global,class=BANK5,space=1,delta=1
    51                           	psect	sfr,global,class=SFR,space=1,delta=1
    52                           	psect	bigsfr,global,class=BIGSFR,space=1,delta=1
    53                           
    54                           ; Microchip MPLAB XC8 C Compiler V2.41
    55                           ; Copyright (C) 2023 Microchip Technology Inc.
    56                           ; Auto-generated runtime startup code for final link stage.
    57                           ;
    58                           ; Compiler options:
    59                           ;
    60                           ; -I/opt/microchip/xc8/v1.36/include/ --ROM=0-3000 -Q --opt=all \
    61                           ; --asmlist --summary=psect,mem -Mpic18F4580.map -DCOMPILER= -intel \
    62                           ; RTC.p1 UART.p1 main.p1 Matrix_KEYPAD.p1 POT.p1 CLCD.p1 \
    63                           ; external_eeprom.p1 -opic18F4580.hex
    64                           ;
    65   000000                     
    66                           ; Generated 09/02/2023 GMT
    67                           ; 
    68                           ; Copyright © 2023, Microchip Technology Inc. and its subsidiaries ("Microchip")
    69                           ; All rights reserved.
    70                           ; 
    71                           ; This software is developed by Microchip Technology Inc. and its subsidiaries ("Microchip").
    72                           ; 
    73                           ; Redistribution and use in source and binary forms, with or without modification, are
    74                           ; permitted provided that the following conditions are met:
    75                           ; 
    76                           ;     1. Redistributions of source code must retain the above copyright notice, this list of
    77                           ;        conditions and the following disclaimer.
    78                           ; 
    79                           ;     2. Redistributions in binary form must reproduce the above copyright notice, this list
    80                           ;        of conditions and the following disclaimer in the documentation and/or other
    81                           ;        materials provided with the distribution. Publication is not required when
    82                           ;        this file is used in an embedded application.
    83                           ; 
    84                           ;     3. Microchip's name may not be used to endorse or promote products derived from this
    85                           ;        software without specific prior written permission.
    86                           ; 
    87                           ; THIS SOFTWARE IS PROVIDED BY MICROCHIP "AS IS" AND ANY EXPRESS OR IMPLIED WARRANTIES,
    88                           ; INCLUDING, BUT NOT LIMITED TO, THE IMPLIED WARRANTIES OF MERCHANTABILITY AND FITNESS FOR
    89                           ; PURPOSE ARE DISCLAIMED.  IN NO EVENT SHALL MICROCHIP BE LIABLE FOR ANY DIRECT, INDIRECT,
    90                           ; INCIDENTAL, SPECIAL, EXEMPLARY, OR CONSEQUENTIAL DAMAGES (INCLUDING BUT NOT LIMITED TO
    91                           ; PROCUREMENT OF SUBSTITUTE GOODS OR SERVICES; LOSS OF USE, DATA OR PROFITS; OR BUSINESS
    92                           ; INTERRUPTION) HOWSOEVER CAUSED AND ON ANY THEORY OF LIABILITY, WHETHER IN CONTRACT, STRICT
    93                           ; LIABILITY, OR TORT (INCLUDING NEGLIGENCE OR OTHERWISE) ARISING IN ANY WAY OUT OF THE USE OF
    94                           ; THIS SOFTWARE, EVEN IF ADVISED OF THE POSSIBILITY OF SUCH DAMAGE.
    95                           ; 
    96                           ; 
    97                           ; Code-generator required, PIC18F4580 Definitions
    98                           ; 
    99                           ; SFR Addresses
   100   000000                     
   101                           	psect	smallconst
   102   000000                     __smallconst:
   103                           	callstack 0
   104                           
   105                           	psect	mediumconst
   106   002E90                     __mediumconst:
   107                           	callstack 0	; top of RAM usage
   108                           
   109                           	psect	reset_vec
   110   000000                     
   111                           ; No powerup routine
   112                           ; No interrupt routine
   113   000000                     
   114                           ;Initialize the stack pointer (FSR1)
   115   000000                     
   116                           	psect	init
   117   000000                     start:
   118                           	callstack 0
   119   000000  EFD3  F00B         	goto	start_initialization	;jump to C runtime clear & initialization
   120                           
   121                           	psect	text
   122   000000                     intlevel0:
   123                           	callstack 0
   124   000000                     intlevel1:
   125                           	callstack 0
   126   000000                     intlevel2:
   127                           	callstack 0
   128   000000                     intlevel3:
   129                           	callstack 0
   130                           
   131                           	psect	ramtop
   132   000600                     __ramtop:
   133                           	callstack 0
   134                           
   135                           	psect	stack
   136   000000                     ___sp:
   137                           	callstack 0
   138   000000                     ___inthi_sp:
   139                           	callstack 0
   140   000000                     ___intlo_sp:
   141                           	callstack 0
   142                           
   143                           ; No heap to be allocated
   144                           
   145                           	psect	heap
   146   000000                     tosu	equ	0xFFF
   147                           tosh	equ	0xFFE
   148                           tosl	equ	0xFFD
   149                           stkptr	equ	0xFFC
   150                           pclatu	equ	0xFFB
   151                           pclath	equ	0xFFA
   152                           pcl	equ	0xFF9
   153                           tblptru	equ	0xFF8
   154                           tblptrh	equ	0xFF7
   155                           tblptrl	equ	0xFF6
   156                           tablat	equ	0xFF5
   157                           prodh	equ	0xFF4
   158                           prodl	equ	0xFF3
   159                           indf0	equ	0xFEF
   160                           postinc0	equ	0xFEE
   161                           postdec0	equ	0xFED
   162                           preinc0	equ	0xFEC
   163                           plusw0	equ	0xFEB
   164                           fsr0h	equ	0xFEA
   165                           fsr0l	equ	0xFE9
   166                           wreg	equ	0xFE8
   167                           indf1	equ	0xFE7
   168                           postinc1	equ	0xFE6
   169                           postdec1	equ	0xFE5
   170                           preinc1	equ	0xFE4
   171                           plusw1	equ	0xFE3
   172                           fsr1h	equ	0xFE2
   173                           fsr1l	equ	0xFE1
   174                           bsr	equ	0xFE0
   175                           indf2	equ	0xFDF
   176                           postinc2	equ	0xFDE
   177                           postdec2	equ	0xFDD
   178                           preinc2	equ	0xFDC
   179                           plusw2	equ	0xFDB
   180                           fsr2h	equ	0xFDA
   181                           fsr2l	equ	0xFD9
   182                           status	equ	0xFD8


Microchip Technology PIC18 Macro Assembler V2.41 build 20230208172133 
Symbol Table                                                                                               Thu Jun 01 20:18:36 2023

                __S1 01AA                 ___sp 0000                 _main 1554                 start 0000  
              __HRAM 0000                __LRAM 0001               isa$std 0001         __mediumconst 2E90  
             stackhi 0000               stacklo 0000           __accesstop 0060           ___inthi_sp 0000  
         ___intlo_sp 0000              __ramtop 0600  start_initialization 17A6            ___heap_hi 0000  
          ___heap_lo 0000          __smallconst 0000             isa$xinst 0000             intlevel0 0000  
           intlevel1 0000             intlevel2 0000             intlevel3 0000             reset_vec 0000  
